// Jest Snapshot v1, https://goo.gl/fbAQLP

exports[`Pruebas en <FisrtApp/> debe hacer match con el snaptShot 1`] = `
<div>
  <h1
    data-testid="test-title"
  >
    Hola, soy Goku
  </h1>
  <p>
     No hay subTitle 
  </p>
  <p>
     No hay subTitle 
  </p>
  <p>
    Tadeo Leon
  </p>
</div>
`;
